[backblue.gif]
[fade.gif]
[index.html]
[max-themes.net/demos/smart-learning/images/favicon.png]
[max-themes.net/demos/smart-learning/images/logo.png]
[max-themes.net/demos/smart-learning/upload/revolution/slide-1.jpg]
[max-themes.net/demos/smart-learning/upload/revolution/slider3.png]
[max-themes.net/demos/smart-learning/upload/news1.png]
[max-themes.net/demos/smart-learning/upload/news2.png]
[max-themes.net/demos/smart-learning/upload/news3.png]
[max-themes.net/demos/smart-learning/upload/course1.png]
[max-themes.net/demos/smart-learning/images/3stars.png]
[max-themes.net/demos/smart-learning/upload/teacher1.png]
[max-themes.net/demos/smart-learning/upload/course5.png]
[max-themes.net/demos/smart-learning/images/5stars.png]
[max-themes.net/demos/smart-learning/upload/teacher4.png]
[max-themes.net/demos/smart-learning/upload/course2.png]
[max-themes.net/demos/smart-learning/upload/teacher2.png]
[max-themes.net/demos/smart-learning/upload/course6.png]
[max-themes.net/demos/smart-learning/upload/teacher5.png]
[max-themes.net/demos/smart-learning/upload/course3.png]
[max-themes.net/demos/smart-learning/upload/course7.png]
[max-themes.net/demos/smart-learning/images/4stars.png]
[max-themes.net/demos/smart-learning/upload/teacher6.png]
[max-themes.net/demos/smart-learning/images/2stars.png]
[max-themes.net/demos/smart-learning/upload/teacher3.png]
[max-themes.net/demos/smart-learning/upload/course8.png]
[max-themes.net/demos/smart-learning/upload/teacher7.png]
[max-themes.net/demos/smart-learning/upload/partner-1.png]
[max-themes.net/demos/smart-learning/upload/partner-2.png]
[max-themes.net/demos/smart-learning/upload/partner-3.png]
[max-themes.net/demos/smart-learning/upload/partner-4.png]
[max-themes.net/demos/smart-learning/upload/partner-5.png]
[max-themes.net/demos/smart-learning/upload/partner-6.png]
[max-themes.net/demos/smart-learning/upload/flickr1.png]
[max-themes.net/demos/smart-learning/upload/flickr2.png]
[max-themes.net/demos/smart-learning/upload/flickr3.png]
[max-themes.net/demos/smart-learning/upload/flickr4.png]
[max-themes.net/demos/smart-learning/upload/flickr5.png]
[max-themes.net/demos/smart-learning/upload/flickr6.png]
[max-themes.net/demos/smart-learning/js/jquery.min.js]
[max-themes.net/demos/smart-learning/js/jquery.superfish.js]
[max-themes.net/demos/smart-learning/js/jquery.bxslider.js]
[max-themes.net/demos/smart-learning/js/bootstrap.js]
[max-themes.net/demos/smart-learning/js/jquery.isotope.min.js]
[max-themes.net/demos/smart-learning/js/jquery.imagesloaded.min.js]
[max-themes.net/demos/smart-learning/js/jquery.countdown.js]
[max-themes.net/demos/smart-learning/js/jquery.carouFredSel.js]
[max-themes.net/demos/smart-learning/js/jquery.mousewheel.min.js]
[max-themes.net/demos/smart-learning/js/jquery.touchSwipe.min.js]
[max-themes.net/demos/smart-learning/js/jquery.themepunch.revolution.min.js]
[max-themes.net/demos/smart-learning/js/jquery.appear.js]
[max-themes.net/demos/smart-learning/js/jquery.countTo.js]
[max-themes.net/demos/smart-learning/js/script.js]
[max-themes.net/demos/smart-learning/index.html]
[max-themes.net/demos/smart-learning/css/bootstrap.css]
[max-themes.net/demos/smart-learning/css/fullwidth.css]
[max-themes.net/demos/smart-learning/assets/large_left.png]
[max-themes.net/demos/smart-learning/assets/large_right.png]
[max-themes.net/demos/smart-learning/assets/small_left.png]
[max-themes.net/demos/smart-learning/assets/small_right.png]
[max-themes.net/demos/smart-learning/assets/arrow_left.png]
[max-themes.net/demos/smart-learning/assets/arrow_right.png]
[max-themes.net/demos/smart-learning/assets/small_left_boxed.png]
[max-themes.net/demos/smart-learning/assets/small_right_boxed.png]
[max-themes.net/demos/smart-learning/assets/arrowleft.png]
[max-themes.net/demos/smart-learning/assets/arrowright.png]
[max-themes.net/demos/smart-learning/assets/arrow_left2.png]
[max-themes.net/demos/smart-learning/assets/arrow_right2.png]
[max-themes.net/demos/smart-learning/css/settings.css]
[max-themes.net/demos/smart-learning/fonts/fontawesome-webfont78ce.eot]
[max-themes.net/demos/smart-learning/fonts/fontawesome-webfontd41d.eot]
[max-themes.net/demos/smart-learning/fonts/fontawesome-webfont78ce.woff]
[max-themes.net/demos/smart-learning/fonts/fontawesome-webfont78ce.ttf]
[max-themes.net/demos/smart-learning/css/font-awesome.css]
[max-themes.net/demos/smart-learning/css/images/bx_loader.gif]
[max-themes.net/demos/smart-learning/images/control-left.png]
[max-themes.net/demos/smart-learning/images/control-right.png]
[max-themes.net/demos/smart-learning/css/images/controls.png]
[max-themes.net/demos/smart-learning/css/jquery.bxslider.css]
[max-themes.net/demos/smart-learning/images/search.png]
[max-themes.net/demos/smart-learning/upload/parallax.jpg]
[max-themes.net/demos/smart-learning/images/arrow-left.png]
[max-themes.net/demos/smart-learning/images/arrow-right.png]
[max-themes.net/demos/smart-learning/css/images/control-left.png]
[max-themes.net/demos/smart-learning/css/images/control-right.png]
[max-themes.net/demos/smart-learning/images/blck-pattrn.png]
[max-themes.net/demos/smart-learning/upload/cap-bg.jpg]
[max-themes.net/demos/smart-learning/images/titlebg.png]
[max-themes.net/demos/smart-learning/css/images/control-left2.png]
[max-themes.net/demos/smart-learning/css/images/control-right2.png]
[max-themes.net/demos/smart-learning/images/search2.png]
[max-themes.net/demos/smart-learning/images/active-header.png]
[max-themes.net/demos/smart-learning/images/inactive-header.png]
[max-themes.net/demos/smart-learning/images/rectangle.png]
[max-themes.net/demos/smart-learning/images/line.png]
[max-themes.net/demos/smart-learning/upload/banner.png]
[max-themes.net/demos/smart-learning/images/logo2.png]
[max-themes.net/demos/smart-learning/images/mail.png]
[max-themes.net/demos/smart-learning/images/backtop.png]
[max-themes.net/demos/smart-learning/images/corner-open.png]
[max-themes.net/demos/smart-learning/images/corner.png]
[max-themes.net/demos/smart-learning/images/3.png]
[max-themes.net/demos/smart-learning/images/7.png]
[max-themes.net/demos/smart-learning/images/1.png]
[max-themes.net/demos/smart-learning/images/8.png]
[max-themes.net/demos/smart-learning/images/4.png]
[max-themes.net/demos/smart-learning/images/6.png]
[max-themes.net/demos/smart-learning/images/5.png]
[max-themes.net/demos/smart-learning/images/2.png]
[max-themes.net/demos/smart-learning/css/style.css]
[max-themes.net/demos/smart-learning/upload/test1bg.png]
[max-themes.net/demos/smart-learning/css/responsive.css]
[max-themes.net/demos/smart-learning/upload/about1.png]
[max-themes.net/demos/smart-learning/upload/about2.png]
[max-themes.net/demos/smart-learning/upload/team1.png]
[max-themes.net/demos/smart-learning/upload/team2.png]
[max-themes.net/demos/smart-learning/upload/team3.png]
[max-themes.net/demos/smart-learning/upload/team4.png]
[max-themes.net/demos/smart-learning/js/jquery.flexslider.js]
[max-themes.net/demos/smart-learning/about.html]
[max-themes.net/demos/smart-learning/js/select.min.js]
[max-themes.net/demos/smart-learning/courses.html]
[max-themes.net/demos/smart-learning/upload/singleevent.png]
[max-themes.net/demos/smart-learning/upload/rev1.png]
[max-themes.net/demos/smart-learning/upload/recent1.png]
[max-themes.net/demos/smart-learning/upload/recent2.png]
[max-themes.net/demos/smart-learning/upload/recent3.png]
[max-themes.net/demos/smart-learning/singlecourse.html]
[max-themes.net/demos/smart-learning/upload/prof1.png]
[max-themes.net/demos/smart-learning/upload/prof3.png]
[max-themes.net/demos/smart-learning/upload/prof5.png]
[s7.addthis.com/js/300/addthis_widget.js]
[max-themes.net/demos/smart-learning/upload/prof7.png]
[max-themes.net/demos/smart-learning/upload/prof2.png]
[max-themes.net/demos/smart-learning/upload/prof4.png]
[max-themes.net/demos/smart-learning/upload/prof6.png]
[max-themes.net/demos/smart-learning/upload/prof8.png]
[max-themes.net/demos/smart-learning/professors.html]
[max-themes.net/demos/smart-learning/upload/blog1.png]
[max-themes.net/demos/smart-learning/upload/blog3.png]
[max-themes.net/demos/smart-learning/upload/blog5.png]
[max-themes.net/demos/smart-learning/upload/blog2.png]
[max-themes.net/demos/smart-learning/upload/blog4.png]
[max-themes.net/demos/smart-learning/upload/blog6.png]
[max-themes.net/demos/smart-learning/blog-2colsidebar.html]
[max-themes.net/demos/smart-learning/upload/singlepost.png]
[max-themes.net/demos/smart-learning/singlepost.html]
[max-themes.net/demos/smart-learning/upload/blog21.png]
[max-themes.net/demos/smart-learning/upload/blog24.png]
[max-themes.net/demos/smart-learning/upload/blog27.png]
[max-themes.net/demos/smart-learning/upload/blog22.png]
[max-themes.net/demos/smart-learning/upload/blog25.png]
[max-themes.net/demos/smart-learning/upload/blog28.png]
[max-themes.net/demos/smart-learning/upload/blog23.png]
[max-themes.net/demos/smart-learning/upload/blog26.png]
[max-themes.net/demos/smart-learning/upload/blog29.png]
[max-themes.net/demos/smart-learning/blog-3col.html]
[max-themes.net/demos/smart-learning/upload/gallery1.png]
[max-themes.net/demos/smart-learning/upload/gallery4.png]
[max-themes.net/demos/smart-learning/upload/gallery7.png]
[max-themes.net/demos/smart-learning/upload/gallery2.png]
[max-themes.net/demos/smart-learning/upload/gallery5.png]
[max-themes.net/demos/smart-learning/upload/gallery8.png]
[max-themes.net/demos/smart-learning/upload/gallery3.png]
[max-themes.net/demos/smart-learning/upload/gallery6.png]
[max-themes.net/demos/smart-learning/upload/gallery9.png]
[max-themes.net/demos/smart-learning/js/jquery.fancybox.js]
[max-themes.net/demos/smart-learning/gallery.html]
[max-themes.net/demos/smart-learning/events.html]
[max-themes.net/demos/smart-learning/events-sidebar.html]
[max-themes.net/demos/smart-learning/js/mapmarker.jquery.js]
[max-themes.net/demos/smart-learning/js/cmap.js]
[max-themes.net/demos/smart-learning/contact.html]
[max-themes.net/demos/smart-learning/fonts/glyphicons-halflings-regular.html]
[max-themes.net/demos/smart-learning/fonts/glyphicons-halflings-regulard41dd41d.html]
[max-themes.net/demos/smart-learning/fonts/glyphicons-halflings-regular-2.html]
[max-themes.net/demos/smart-learning/fonts/glyphicons-halflings-regular-3.html]
[max-themes.net/demos/smart-learning/fonts/glyphicons-halflings-regular-4.html]
[max-themes.net/demos/smart-learning/images/gradient/g30.html]
[max-themes.net/demos/smart-learning/images/gradient/g40.html]
[suspended.hostgator.com/js/simple-expand.min.js]
[suspended.hostgator.com/images/404top.jpg]
[suspended.hostgator.com/images/404mid.gif]
[suspended.hostgator.com/images/404bottom.gif]
[code.jquery.com/jquery-1.9.1.js]
[suspended.hostgator.com/images/gatorbottom.png]
[suspended.hostgator.com/images/x.png]
[max-themes.net/demos/smart-learning/assets/shadow2.html]
[max-themes.net/demos/smart-learning/assets/shadow3.html]
[max-themes.net/demos/smart-learning/assets/boxed_bgtile.html]
[max-themes.net/demos/smart-learning/assets/navigdots_bgtile.html]
[max-themes.net/demos/smart-learning/assets/bullets.html]
[max-themes.net/demos/smart-learning/assets/bullets2.html]
[max-themes.net/demos/smart-learning/assets/bullet_boxed.html]
[max-themes.net/demos/smart-learning/assets/navigdots.html]
[max-themes.net/demos/smart-learning/assets/coloredbg.html]
[max-themes.net/demos/smart-learning/fonts/fontawesome-webfont78ce.svg]
[max-themes.net/demos/smart-learning/css/flexslider.css]
[max-themes.net/demos/smart-learning/css/select-theme-default.css]
[premiumlayers.com/demos/momental/1/img/blog/comments/3.html]
[max-themes.net/demos/smart-learning/css/images/fancybox_sprite.png]
[max-themes.net/demos/smart-learning/css/images/fancybox_loading.gif]
[max-themes.net/demos/smart-learning/css/images/blank.gif]
[max-themes.net/demos/smart-learning/css/images/fancybox_overlay.png]
[max-themes.net/demos/smart-learning/css/images/fancybox_sprite@2x.png]
[max-themes.net/demos/smart-learning/css/images/fancybox_loading@2x.gif]
[max-themes.net/demos/smart-learning/css/jquery.fancybox.css]
